// Jest Snapshot v1, https://goo.gl/fbAQLP

exports[`App tests! renders 1`] = `
<DocumentFragment>
  <h1>
     Testing! 
  </h1>
</DocumentFragment>
`;
